11:33:39.827-[LinPro][sys]-- INFO 7512 --- [       Thread-7] c.a.n.common.http.HttpClientBeanHolder   : [HttpClientBeanHolder] Start destroying common HttpClient
11:33:39.827-[LinPro][sys]-- INFO 7512 --- [       Thread-1] c.a.n.common.executor.ThreadPoolManager  : [ThreadPoolManager] Start destroying ThreadPool
11:33:39.827-[LinPro][sys]-- INFO 7512 --- [       Thread-9] c.a.nacos.common.notify.NotifyCenter     : [NotifyCenter] Start destroying Publisher
11:33:39.867-[LinPro][sys]-- INFO 7512 --- [ionShutdownHook] c.a.c.n.registry.NacosServiceRegistry    : De-registering from Nacos Server now...
11:33:39.870-[LinPro][sys]-- INFO 7512 --- [       Thread-1] c.a.n.common.executor.ThreadPoolManager  : [ThreadPoolManager] Completed destruction of ThreadPool
11:33:39.870-[LinPro][sys]-- INFO 7512 --- [       Thread-9] c.a.nacos.common.notify.NotifyCenter     : [NotifyCenter] Completed destruction of Publisher
11:33:39.871-[LinPro][sys]-- INFO 7512 --- [ionShutdownHook] com.alibaba.nacos.client.naming          : [DEREGISTER-SERVICE] 8b1e6396-6460-4270-9a8a-8a40b71a4d46 deregistering service gateway with instance: Instance{instanceId='null', ip='192.168.150.1', port=8080, weight=1.0, healthy=true, enabled=true, ephemeral=true, clusterName='', serviceName='null', metadata={}}
11:33:39.873-[LinPro][sys]-- INFO 7512 --- [       Thread-7] c.a.n.common.http.HttpClientBeanHolder   : [HttpClientBeanHolder] Completed destruction of HttpClient
11:33:39.871-[LinPro][sys]--ERROR 7512 --- [lityUpdateEvent] c.a.nacos.common.notify.NotifyCenter     : Event listener exception : 
java.lang.InterruptedException: null
	at java.base/java.util.concurrent.locks.AbstractQueuedSynchronizer$ConditionObject.await(AbstractQueuedSynchronizer.java:1638) ~[na:na]
	at java.base/java.util.concurrent.ArrayBlockingQueue.take(ArrayBlockingQueue.java:420) ~[na:na]
	at com.alibaba.nacos.common.notify.DefaultPublisher.openEventHandler(DefaultPublisher.java:111) ~[nacos-client-3.0.3.jar:na]
	at com.alibaba.nacos.common.notify.DefaultPublisher.run(DefaultPublisher.java:95) ~[nacos-client-3.0.3.jar:na]
11:33:39.870-[LinPro][sys]--ERROR 7512 --- [ncesChangeEvent] c.a.nacos.common.notify.NotifyCenter     : Event listener exception : 
java.lang.InterruptedException: null
	at java.base/java.util.concurrent.locks.AbstractQueuedSynchronizer$ConditionObject.await(AbstractQueuedSynchronizer.java:1638) ~[na:na]
	at java.base/java.util.concurrent.ArrayBlockingQueue.take(ArrayBlockingQueue.java:420) ~[na:na]
	at com.alibaba.nacos.common.notify.DefaultPublisher.openEventHandler(DefaultPublisher.java:111) ~[nacos-client-3.0.3.jar:na]
	at com.alibaba.nacos.common.notify.DefaultPublisher.run(DefaultPublisher.java:95) ~[nacos-client-3.0.3.jar:na]
11:33:39.871-[LinPro][sys]--ERROR 7512 --- [atchNotifyEvent] c.a.nacos.common.notify.NotifyCenter     : Event listener exception : 
java.lang.InterruptedException: null
	at java.base/java.util.concurrent.locks.AbstractQueuedSynchronizer$ConditionObject.await(AbstractQueuedSynchronizer.java:1638) ~[na:na]
	at java.base/java.util.concurrent.ArrayBlockingQueue.take(ArrayBlockingQueue.java:420) ~[na:na]
	at com.alibaba.nacos.common.notify.DefaultPublisher.openEventHandler(DefaultPublisher.java:111) ~[nacos-client-3.0.3.jar:na]
	at com.alibaba.nacos.common.notify.DefaultPublisher.run(DefaultPublisher.java:95) ~[nacos-client-3.0.3.jar:na]
11:33:39.871-[LinPro][sys]--ERROR 7512 --- [yWatchLoadEvent] c.a.nacos.common.notify.NotifyCenter     : Event listener exception : 
java.lang.InterruptedException: null
	at java.base/java.util.concurrent.locks.AbstractQueuedSynchronizer$ConditionObject.await(AbstractQueuedSynchronizer.java:1638) ~[na:na]
	at java.base/java.util.concurrent.ArrayBlockingQueue.take(ArrayBlockingQueue.java:420) ~[na:na]
	at com.alibaba.nacos.common.notify.DefaultPublisher.openEventHandler(DefaultPublisher.java:111) ~[nacos-client-3.0.3.jar:na]
	at com.alibaba.nacos.common.notify.DefaultPublisher.run(DefaultPublisher.java:95) ~[nacos-client-3.0.3.jar:na]
11:33:39.870-[LinPro][sys]--ERROR 7512 --- [otify.SlowEvent] c.a.nacos.common.notify.NotifyCenter     : Event listener exception : 
java.lang.InterruptedException: null
	at java.base/java.util.concurrent.locks.AbstractQueuedSynchronizer$ConditionObject.await(AbstractQueuedSynchronizer.java:1638) ~[na:na]
	at java.base/java.util.concurrent.ArrayBlockingQueue.take(ArrayBlockingQueue.java:420) ~[na:na]
	at com.alibaba.nacos.common.notify.DefaultPublisher.openEventHandler(DefaultPublisher.java:111) ~[nacos-client-3.0.3.jar:na]
	at com.alibaba.nacos.common.notify.DefaultPublisher.run(DefaultPublisher.java:95) ~[nacos-client-3.0.3.jar:na]
11:33:39.871-[LinPro][sys]--ERROR 7512 --- [atchNotifyEvent] c.a.nacos.common.notify.NotifyCenter     : Event listener exception : 
java.lang.InterruptedException: null
	at java.base/java.util.concurrent.locks.AbstractQueuedSynchronizer$ConditionObject.await(AbstractQueuedSynchronizer.java:1638) ~[na:na]
	at java.base/java.util.concurrent.ArrayBlockingQueue.take(ArrayBlockingQueue.java:420) ~[na:na]
	at com.alibaba.nacos.common.notify.DefaultPublisher.openEventHandler(DefaultPublisher.java:111) ~[nacos-client-3.0.3.jar:na]
	at com.alibaba.nacos.common.notify.DefaultPublisher.run(DefaultPublisher.java:95) ~[nacos-client-3.0.3.jar:na]
11:33:39.871-[LinPro][sys]--ERROR 7512 --- [yWatchLoadEvent] c.a.nacos.common.notify.NotifyCenter     : Event listener exception : 
java.lang.InterruptedException: null
	at java.base/java.util.concurrent.locks.AbstractQueuedSynchronizer$ConditionObject.await(AbstractQueuedSynchronizer.java:1638) ~[na:na]
	at java.base/java.util.concurrent.ArrayBlockingQueue.take(ArrayBlockingQueue.java:420) ~[na:na]
	at com.alibaba.nacos.common.notify.DefaultPublisher.openEventHandler(DefaultPublisher.java:111) ~[nacos-client-3.0.3.jar:na]
	at com.alibaba.nacos.common.notify.DefaultPublisher.run(DefaultPublisher.java:95) ~[nacos-client-3.0.3.jar:na]
11:33:39.913-[LinPro][sys]-- INFO 7512 --- [ionShutdownHook] c.a.c.n.registry.NacosServiceRegistry    : De-registration finished.
11:33:39.915-[LinPro][sys]-- INFO 7512 --- [ionShutdownHook] com.alibaba.nacos.client.naming          : com.alibaba.nacos.client.naming.cache.ServiceInfoHolder do shutdown begin
11:33:39.916-[LinPro][sys]-- INFO 7512 --- [ionShutdownHook] com.alibaba.nacos.client.naming          : com.alibaba.nacos.client.naming.backups.FailoverReactor do shutdown begin
11:33:39.918-[LinPro][sys]-- INFO 7512 --- [ionShutdownHook] com.alibaba.nacos.client.naming          : com.alibaba.nacos.client.naming.backups.FailoverReactor do shutdown stop
11:33:39.918-[LinPro][sys]-- INFO 7512 --- [ionShutdownHook] com.alibaba.nacos.client.naming          : com.alibaba.nacos.client.naming.cache.ServiceInfoHolder do shutdown stop
11:33:39.919-[LinPro][sys]-- INFO 7512 --- [ionShutdownHook] com.alibaba.nacos.client.naming          : com.alibaba.nacos.client.naming.remote.NamingClientProxyDelegate do shutdown begin
11:33:39.920-[LinPro][sys]-- INFO 7512 --- [ionShutdownHook] com.alibaba.nacos.client.naming          : com.alibaba.nacos.client.naming.core.ServiceInfoUpdateService do shutdown begin
11:33:39.921-[LinPro][sys]-- INFO 7512 --- [ionShutdownHook] com.alibaba.nacos.client.naming          : com.alibaba.nacos.client.naming.core.ServiceInfoUpdateService do shutdown stop
11:33:39.922-[LinPro][sys]-- INFO 7512 --- [ionShutdownHook] c.a.n.c.a.AbstractServerListManager      : com.alibaba.nacos.client.naming.core.NamingServerListManager do shutdown begin
11:33:39.923-[LinPro][sys]-- INFO 7512 --- [ionShutdownHook] c.a.n.c.a.AbstractServerListManager      : com.alibaba.nacos.client.naming.core.NamingServerListManager do shutdown stop
11:33:39.924-[LinPro][sys]-- INFO 7512 --- [ionShutdownHook] com.alibaba.nacos.client.naming          : com.alibaba.nacos.client.naming.remote.http.NamingHttpClientProxy do shutdown begin
11:33:39.924-[LinPro][sys]-- INFO 7512 --- [ionShutdownHook] com.alibaba.nacos.client.naming          : [NamingHttpClientManager] Start destroying NacosRestTemplate
11:33:39.926-[LinPro][sys]-- INFO 7512 --- [ionShutdownHook] com.alibaba.nacos.client.naming          : [NamingHttpClientManager] Completed destruction of NacosRestTemplate
11:33:39.927-[LinPro][sys]-- INFO 7512 --- [ionShutdownHook] com.alibaba.nacos.client.naming          : com.alibaba.nacos.client.naming.remote.http.NamingHttpClientProxy do shutdown stop
11:33:39.927-[LinPro][sys]-- INFO 7512 --- [ionShutdownHook] com.alibaba.nacos.client.naming          : Shutdown naming grpc client proxy for  uuid->c32c7b27-1b06-49f4-81d2-278b004f66ef
11:33:39.927-[LinPro][sys]-- INFO 7512 --- [ionShutdownHook] com.alibaba.nacos.client.naming          : Shutdown grpc redo service executor java.util.concurrent.ScheduledThreadPoolExecutor@9f357be[Running, pool size = 1, active threads = 0, queued tasks = 1, completed tasks = 14658]
11:33:39.929-[LinPro][sys]-- INFO 7512 --- [ionShutdownHook] com.alibaba.nacos.common.remote.client   : Shutdown rpc client, set status to shutdown
11:33:39.930-[LinPro][sys]-- INFO 7512 --- [ionShutdownHook] com.alibaba.nacos.common.remote.client   : Shutdown client event executor java.util.concurrent.ScheduledThreadPoolExecutor@291f66e4[Running, pool size = 2, active threads = 2, queued tasks = 0, completed tasks = 0]
11:33:39.931-[LinPro][sys]-- INFO 7512 --- [ionShutdownHook] com.alibaba.nacos.common.remote.client   : Close current connection 1783005631009_172.18.0.1_55252
11:33:39.936-[LinPro][sys]-- INFO 7512 --- [127.0.0.1-16779] c.a.n.c.remote.client.grpc.GrpcClient    : [1783005631009_172.18.0.1_55252]Ignore complete event,isRunning:false,isAbandon=false
11:33:39.957-[LinPro][sys]-- INFO 7512 --- [ionShutdownHook] c.a.n.c.remote.client.grpc.GrpcClient    : Shutdown grpc executor java.util.concurrent.ThreadPoolExecutor@188ec987[Running, pool size = 7, active threads = 0, queued tasks = 0, completed tasks = 16780]
11:33:39.958-[LinPro][sys]-- INFO 7512 --- [ionShutdownHook] com.alibaba.nacos.client.naming          : shutdown and remove naming rpc client  for uuid ->c32c7b27-1b06-49f4-81d2-278b004f66ef
11:33:39.958-[LinPro][sys]--ERROR 7512 --- [ionShutdownHook] c.a.c.n.r.NacosGracefulShutdownDelegate  : Error occurred while performing Nacos client graceful shutdown
java.lang.NullPointerException: Cannot read field "sharePublisher" because "com.alibaba.nacos.common.notify.NotifyCenter.INSTANCE" is null
	at com.alibaba.nacos.common.notify.NotifyCenter.deregisterSubscriber(NotifyCenter.java:242) ~[nacos-client-3.0.3.jar:na]
	at com.alibaba.nacos.client.naming.remote.gprc.NamingGrpcClientProxy.shutdown(NamingGrpcClientProxy.java:537) ~[nacos-client-3.0.3.jar:na]
	at com.alibaba.nacos.client.naming.remote.NamingClientProxyDelegate.shutdown(NamingClientProxyDelegate.java:212) ~[nacos-client-3.0.3.jar:na]
	at com.alibaba.nacos.client.naming.NacosNamingService.shutDown(NacosNamingService.java:637) ~[nacos-client-3.0.3.jar:na]
	at com.alibaba.cloud.nacos.NacosServiceManager.nacosServiceShutDown(NacosServiceManager.java:117) ~[spring-cloud-starter-alibaba-nacos-discovery-2025.0.0.0.jar:2025.0.0.0]
	at com.alibaba.cloud.nacos.registry.NacosServiceRegistry.close(NacosServiceRegistry.java:120) ~[spring-cloud-starter-alibaba-nacos-discovery-2025.0.0.0.jar:2025.0.0.0]
	at org.springframework.cloud.client.serviceregistry.AbstractAutoServiceRegistration.stop(AbstractAutoServiceRegistration.java:311) ~[spring-cloud-commons-4.3.0.jar:4.3.0]
	at com.alibaba.cloud.nacos.registry.NacosGracefulShutdownDelegate.doGracefulShutdown(NacosGracefulShutdownDelegate.java:69) ~[spring-cloud-starter-alibaba-nacos-discovery-2025.0.0.0.jar:2025.0.0.0]
	at com.alibaba.cloud.nacos.registry.NacosGracefulShutdownDelegate.onApplicationEvent(NacosGracefulShutdownDelegate.java:64) ~[spring-cloud-starter-alibaba-nacos-discovery-2025.0.0.0.jar:2025.0.0.0]
	at com.alibaba.cloud.nacos.registry.NacosGracefulShutdownDelegate.onApplicationEvent(NacosGracefulShutdownDelegate.java:34) ~[spring-cloud-starter-alibaba-nacos-discovery-2025.0.0.0.jar:2025.0.0.0]
	at org.springframework.context.event.SimpleApplicationEventMulticaster.doInvokeListener(SimpleApplicationEventMulticaster.java:185) ~[spring-context-6.2.7.jar:6.2.7]
	at org.springframework.context.event.SimpleApplicationEventMulticaster.invokeListener(SimpleApplicationEventMulticaster.java:178) ~[spring-context-6.2.7.jar:6.2.7]
	at org.springframework.context.event.SimpleApplicationEventMulticaster.multicastEvent(SimpleApplicationEventMulticaster.java:156) ~[spring-context-6.2.7.jar:6.2.7]
	at org.springframework.context.support.AbstractApplicationContext.publishEvent(AbstractApplicationContext.java:454) ~[spring-context-6.2.7.jar:6.2.7]
	at org.springframework.context.support.AbstractApplicationContext.publishEvent(AbstractApplicationContext.java:387) ~[spring-context-6.2.7.jar:6.2.7]
	at org.springframework.context.support.AbstractApplicationContext.doClose(AbstractApplicationContext.java:1163) ~[spring-context-6.2.7.jar:6.2.7]
	at org.springframework.boot.web.reactive.context.ReactiveWebServerApplicationContext.doClose(ReactiveWebServerApplicationContext.java:155) ~[spring-boot-3.5.0.jar:3.5.0]
	at org.springframework.context.support.AbstractApplicationContext.close(AbstractApplicationContext.java:1126) ~[spring-context-6.2.7.jar:6.2.7]
	at org.springframework.boot.SpringApplicationShutdownHook.closeAndWait(SpringApplicationShutdownHook.java:147) ~[spring-boot-3.5.0.jar:3.5.0]
	at java.base/java.lang.Iterable.forEach(Iterable.java:75) ~[na:na]
	at org.springframework.boot.SpringApplicationShutdownHook.run(SpringApplicationShutdownHook.java:116) ~[spring-boot-3.5.0.jar:3.5.0]
	at java.base/java.lang.Thread.run(Thread.java:842) ~[na:na]
11:33:39.979-[LinPro][sys]-- INFO 7512 --- [ionShutdownHook] o.s.b.w.embedded.netty.GracefulShutdown  : Commencing graceful shutdown. Waiting for active requests to complete
11:33:39.987-[LinPro][sys]-- INFO 7512 --- [ netty-shutdown] o.s.b.w.embedded.netty.GracefulShutdown  : Graceful shutdown complete
11:33:42.017-[LinPro][sys]-- INFO 7512 --- [ionShutdownHook] com.alibaba.nacos.client.naming          : com.alibaba.nacos.client.naming.cache.ServiceInfoHolder do shutdown begin
11:33:42.018-[LinPro][sys]-- INFO 7512 --- [ionShutdownHook] com.alibaba.nacos.client.naming          : com.alibaba.nacos.client.naming.backups.FailoverReactor do shutdown begin
11:33:42.019-[LinPro][sys]-- INFO 7512 --- [ionShutdownHook] com.alibaba.nacos.client.naming          : com.alibaba.nacos.client.naming.backups.FailoverReactor do shutdown stop
11:33:42.019-[LinPro][sys]-- INFO 7512 --- [ionShutdownHook] com.alibaba.nacos.client.naming          : com.alibaba.nacos.client.naming.cache.ServiceInfoHolder do shutdown stop
11:33:42.019-[LinPro][sys]-- INFO 7512 --- [ionShutdownHook] com.alibaba.nacos.client.naming          : com.alibaba.nacos.client.naming.remote.NamingClientProxyDelegate do shutdown begin
11:33:42.020-[LinPro][sys]-- INFO 7512 --- [ionShutdownHook] com.alibaba.nacos.client.naming          : com.alibaba.nacos.client.naming.core.ServiceInfoUpdateService do shutdown begin
11:33:42.021-[LinPro][sys]-- INFO 7512 --- [ionShutdownHook] com.alibaba.nacos.client.naming          : com.alibaba.nacos.client.naming.core.ServiceInfoUpdateService do shutdown stop
11:33:42.021-[LinPro][sys]-- INFO 7512 --- [ionShutdownHook] c.a.n.c.a.AbstractServerListManager      : com.alibaba.nacos.client.naming.core.NamingServerListManager do shutdown begin
11:33:42.022-[LinPro][sys]-- INFO 7512 --- [ionShutdownHook] c.a.n.c.a.AbstractServerListManager      : com.alibaba.nacos.client.naming.core.NamingServerListManager do shutdown stop
11:33:42.022-[LinPro][sys]-- INFO 7512 --- [ionShutdownHook] com.alibaba.nacos.client.naming          : com.alibaba.nacos.client.naming.remote.http.NamingHttpClientProxy do shutdown begin
11:33:42.023-[LinPro][sys]-- INFO 7512 --- [ionShutdownHook] com.alibaba.nacos.client.naming          : [NamingHttpClientManager] Start destroying NacosRestTemplate
11:33:42.023-[LinPro][sys]-- INFO 7512 --- [ionShutdownHook] com.alibaba.nacos.client.naming          : [NamingHttpClientManager] Completed destruction of NacosRestTemplate
11:33:42.024-[LinPro][sys]-- INFO 7512 --- [ionShutdownHook] com.alibaba.nacos.client.naming          : com.alibaba.nacos.client.naming.remote.http.NamingHttpClientProxy do shutdown stop
11:33:42.024-[LinPro][sys]-- INFO 7512 --- [ionShutdownHook] com.alibaba.nacos.client.naming          : Shutdown naming grpc client proxy for  uuid->c32c7b27-1b06-49f4-81d2-278b004f66ef
11:33:42.025-[LinPro][sys]-- INFO 7512 --- [ionShutdownHook] com.alibaba.nacos.client.naming          : Shutdown grpc redo service executor java.util.concurrent.ScheduledThreadPoolExecutor@9f357be[Terminated, pool size = 0, active threads = 0, queued tasks = 0, completed tasks = 14658]
11:33:42.025-[LinPro][sys]-- INFO 7512 --- [ionShutdownHook] com.alibaba.nacos.client.naming          : shutdown and remove naming rpc client  for uuid ->c32c7b27-1b06-49f4-81d2-278b004f66ef
11:33:42.026-[LinPro][sys]-- WARN 7512 --- [ionShutdownHook] o.s.b.f.support.DisposableBeanAdapter    : Custom destroy method 'close' on bean with name 'nacosServiceRegistry' propagated an exception: java.lang.NullPointerException: Cannot read field "sharePublisher" because "com.alibaba.nacos.common.notify.NotifyCenter.INSTANCE" is null
